[2026-02-14 19:29:45] [TRACE]   [OmnipathR] Reading JSON from `/Users/eblanco/Library/Caches/OmnipathR/cache.json` (encoding: UTF-8).
[2026-02-14 19:29:45] [TRACE]   [OmnipathR] JSON validation successful: TRUE
[2026-02-14 19:29:45] [INFO]    [OmnipathR] Initialized cache: `/Users/eblanco/Library/Caches/OmnipathR`.
[2026-02-14 19:29:45] [INFO]    [OmnipathR] Package `OmnipathR` packaged: 2025-07-17 16:12:03 UTC; eblanco
[2026-02-14 19:29:45] [INFO]    [OmnipathR] Package `OmnipathR` date/publication: NA
[2026-02-14 19:29:45] [INFO]    [OmnipathR] Package `OmnipathR` built: R 4.5.1; ; 2025-07-17 16:12:04 UTC; unix
[2026-02-14 19:29:45] [INFO]    [OmnipathR] Package `OmnipathR` version: 3.17.4
[2026-02-14 19:29:45] [INFO]    [OmnipathR] Package `OmnipathR` repository: NA
[2026-02-14 19:29:45] [INFO]    [OmnipathR] Session info: [version=R version 4.5.2 (2025-10-31); os=macOS Tahoe 26.1; system=aarch64, darwin20; ui=X11; language=(EN); collate=en_US.UTF-8; ctype=en_US.UTF-8; tz=Europe/Berlin; date=2026-02-14; pandoc=3.8.3 @ /opt/homebrew/bin/ (via rmarkdown); quarto=1.7.32 @ /Applications/RStudio.app/Contents/Resources/app/quarto/bin/quarto]
[2026-02-14 19:29:45] [INFO]    [OmnipathR] External libraries: [cairo=1.17.6; cairoFT=; pango=1.50.14; png=1.6.44; jpeg=9.5; tiff=LIBTIFF, Version 4.5.0; tcl=8.6.13; curl=8.7.1; zlib=1.2.12; bzlib=1.0.8, 13-Jul-2019; xz=5.6.3; deflate=1.23; PCRE=10.44 2024-06-07; ICU=76.1; TRE=TRE 0.8.0 R_fixes (BSD); iconv=Apple or GNU libiconv 1.11 /Library/Frameworks/R.framework/Versions/4.5-arm64/Resources/lib/libR.dylib; readline=5.2; BLAS=/System/Library/Frameworks/Accelerate.framework/Versions/A/Frameworks/vecLib.framework/Versions/A/libBLAS.dylib; lapack=/Library/Frameworks/R.framework/Versions/4.5-arm64/Resources/lib/libRlapack.dylib; lapack_version=3.12.1]
[2026-02-14 19:29:46] [INFO]    [OmnipathR] Loaded packages: abind 1.4-8(2024-09-12); backports 1.5.0(2024-05-23); BiocParallel 1.42.2(2025-09-11); bit 4.6.0(2025-03-06); bit64 4.6.0-1(2025-01-16); blob 1.2.4(2023-03-17); cachem 1.1.0(2024-05-16); cellranger 1.1.0(2016-07-27); checkmate 2.3.3(2025-08-18); cli 3.6.5(2025-04-23); cluster 2.1.8.1(2025-03-12); codetools 0.2-20(2024-03-31); cowplot 1.2.0(2025-07-07); crayon 1.5.3(2024-06-20); curl 7.0.0(2025-08-19); data.table 1.18.0(2025-12-24); DBI 1.2.3(2024-06-02); decoupleR 2.14.0(2025-04-15); deldir 2.0-4(2024-02-28); digest 0.6.39(2025-11-19); dotCall64 1.2(2024-10-04); dplyr 1.1.4(2023-11-17); evaluate 1.0.5(2025-08-27); farver 2.1.2(2024-05-13); fastDummies 1.7.5(2025-01-20); fastmap 1.2.0(2024-05-15); fitdistrplus 1.2-4(2025-07-03); fs 1.6.6(2025-04-12); future 1.68.0(2025-11-17); future.apply 1.20.1(2025-12-09); generics 0.1.4(2025-05-09); ggplot2 4.0.1(2025-11-14); ggrepel 0.9.6(2024-09-07); ggridges 0.5.7(2025-08-27); globals 0.18.0(2025-05-08); glue 1.8.0(2024-09-30); goftest 1.2-3(2021-10-07); gridExtra 2.3(2017-09-09); gtable 0.3.6(2024-10-25); hms 1.1.4(2025-10-17); htmltools 0.5.9(2025-12-04); htmlwidgets 1.6.4(2023-12-06); httpuv 1.6.16(2025-04-16); httr 1.4.7(2023-08-15); httr2 1.2.2(2025-12-08); ica 1.0-3(2022-07-08); igraph 2.2.1(2025-10-27); irlba 2.3.5.1(2022-10-03); jsonlite 2.0.0(2025-03-27); KernSmooth 2.23-26(2025-01-01); knitr 1.51(2025-12-20); later 1.4.4(2025-08-27); lattice 0.22-7(2025-04-02); lazyeval 0.2.2(2019-03-15); lifecycle 1.0.4(2023-11-07); listenv 0.10.0(2025-11-02); lmtest 0.9-40(2022-03-21); logger 0.4.1(2025-09-11); lubridate 1.9.4(2024-12-08); magrittr 2.0.4(2025-09-12); MASS 7.3-65(2025-02-28); Matrix 1.7-4(2025-08-28); matrixStats 1.5.0(2025-01-07); memoise 2.0.1(2021-11-26); mime 0.13(2025-03-17); miniUI 0.1.2(2025-04-17); nlme 3.1-168(2025-03-31); OmnipathR 3.17.4(2025-07-17); otel 0.2.0(2025-08-29); parallelly 1.46.0(2025-12-12); patchwork 1.3.2(2025-08-25); pbapply 1.7-4(2025-07-20); pillar 1.11.1(2025-09-17); pkgconfig 2.0.3(2019-09-22); plotly 4.11.0(2025-06-19); plyr 1.8.9(2023-10-02); png 0.1-8(2022-11-29); polyclip 1.10-7(2024-07-23); prettyunits 1.2.0(2023-09-24); progress 1.2.3(2023-12-06); progressr 0.18.0(2025-11-06); promises 1.5.0(2025-11-01); purrr 1.2.0(2025-11-04); R.methodsS3 1.8.2(2022-06-13); R.oo 1.27.1(2025-05-02); R.utils 2.13.0(2025-02-24); R6 2.6.1(2025-02-15); RANN 2.6.2(2024-08-25); rappdirs 0.3.3(2021-01-31); RColorBrewer 1.1-3(2022-04-03); Rcpp 1.1.0(2025-07-02); RcppAnnoy 0.0.22(2024-01-23); RcppHNSW 0.6.0(2024-02-04); readr 2.1.6(2025-11-14); readxl 1.4.5(2025-03-07); reshape2 1.4.5(2025-11-12); reticulate 1.44.1(2025-11-14); rlang 1.1.6(2025-04-11); rmarkdown 2.30(2025-09-28); ROCR 1.0-11(2020-05-02); RSpectra 0.16-2(2024-07-18); RSQLite 2.4.5(2025-11-30); rstudioapi 0.17.1(2024-10-22); Rtsne 0.17(2023-12-07); rvest 1.0.5(2025-08-29); S7 0.2.1(2025-11-14); scales 1.4.0(2025-04-24); scattermore 1.2(2023-06-12); SCpubr 3.0.1(2026-02-14); sctransform 0.4.2(2025-04-30); sessioninfo 1.2.3(2025-02-05); Seurat 5.4.0(2025-12-14); SeuratObject 5.3.0(2025-12-12); shiny 1.12.1(2025-12-09); sp 2.2-0(2025-02-01); spam 2.11-1(2025-01-20); spatstat.data 3.1-9(2025-10-18); spatstat.explore 3.6-0(2025-11-22); spatstat.geom 3.6-1(2025-11-20); spatstat.random 3.4-3(2025-11-21); spatstat.sparse 3.1-0(2024-06-21); spatstat.univar 3.1-5(2025-11-17); spatstat.utils 3.2-0(2025-09-20); stringi 1.8.7(2025-03-27); stringr 1.6.0(2025-11-04); survival 3.8-3(2024-12-17); tensor 1.5.1(2025-06-17); tibble 3.3.0(2025-06-08); tidyr 1.3.2(2025-12-19); tidyselect 1.2.1(2024-03-11); timechange 0.3.0(2024-01-18); tzdb 0.5.0(2025-03-15); uwot 0.2.4(2025-11-10); vctrs 0.6.5(2023-12-01); viridisLite 0.4.2(2023-05-02); withr 3.0.2(2024-10-28); xfun 0.55(2025-12-16); XML 3.99-0.20(2025-11-08); xml2 1.5.1(2025-12-01); xtable 1.8-4(2019-04-21); yaml 2.3.12(2025-12-10); zip 2.3.3(2025-05-13); zoo 1.8-15(2025-12-15)
[2026-02-14 19:29:46] [INFO]    [OmnipathR] CURL: version: 8.14.1; headers: 8.14.1; ssl_version: LibreSSL/3.3.6 (SecureTransport); libz_version: 1.2.12; libssh_version: NA; libidn_version: NA; host: aarch64-apple-darwin23.6.0; protocols: dict, file, ftp, ftps, gopher, gophers, http, https, imap, imaps, ldap, ldaps, mqtt, pop3, pop3s, rtsp, smb, smbs, smtp, smtps, telnet, tftp, ws, wss; ipv6: TRUE; http2: TRUE; idn: FALSE; url_parser: TRUE
[2026-02-14 19:29:46] [TRACE]   [OmnipathR] Reading JSON from `/Library/Frameworks/R.framework/Versions/4.5-arm64/Resources/library/OmnipathR/db/db_def.json` (encoding: UTF-8).
[2026-02-14 19:29:46] [TRACE]   [OmnipathR] JSON validation successful: TRUE
[2026-02-14 19:29:46] [TRACE]   [OmnipathR] Reading JSON from `/Library/Frameworks/R.framework/Versions/4.5-arm64/Resources/library/OmnipathR/internal/magic_bytes.json` (encoding: UTF-8).
[2026-02-14 19:29:46] [TRACE]   [OmnipathR] JSON validation successful: TRUE
[2026-02-14 19:29:46] [TRACE]   [OmnipathR] Reading JSON from `/Library/Frameworks/R.framework/Versions/4.5-arm64/Resources/library/OmnipathR/internal/urls.json` (encoding: UTF-8).
[2026-02-14 19:29:46] [TRACE]   [OmnipathR] JSON validation successful: TRUE
[2026-02-14 19:29:46] [TRACE]   [OmnipathR] Reading JSON from `/Library/Frameworks/R.framework/Versions/4.5-arm64/Resources/library/OmnipathR/internal/id_types.json` (encoding: UTF-8).
[2026-02-14 19:29:46] [TRACE]   [OmnipathR] JSON validation successful: TRUE
[2026-02-14 19:29:46] [TRACE]   [OmnipathR] Reading JSON from `https://omnipathdb.org/resources` (encoding: UTF-8).
[2026-02-14 19:29:46] [TRACE]   [OmnipathR] JSON validation successful: TRUE
[2026-02-14 19:29:46] [INFO]    [OmnipathR] Loading database `Ensembl and OMA organism names`.
[2026-02-14 19:29:46] [INFO]    [OmnipathR] Looking up in cache `https://www.ensembl.org/info/about/species.html`: key=7332486db7400730697234bad76ca0c8e4d00799, no version available.
[2026-02-14 19:29:46] [TRACE]   [OmnipathR] Reading JSON from `/Users/eblanco/Library/Caches/OmnipathR/cache.json` (encoding: UTF-8).
[2026-02-14 19:29:46] [TRACE]   [OmnipathR] JSON validation successful: TRUE
[2026-02-14 19:29:46] [INFO]    [OmnipathR] Created new version for cache record 7332486db7400730697234bad76ca0c8e4d00799: version 11.
[2026-02-14 19:29:46] [TRACE]   [OmnipathR] Cache file path: /Users/eblanco/Library/Caches/OmnipathR/7332486db7400730697234bad76ca0c8e4d00799-11.html
[2026-02-14 19:29:46] [INFO]    [OmnipathR] Retrieving URL: `https://www.ensembl.org/info/about/species.html`
[2026-02-14 19:29:46] [TRACE]   [OmnipathR] Downloading by `httr2` in `download_base`.
[2026-02-14 19:29:46] [TRACE]   [OmnipathR] Attempt 1/3: `https://www.ensembl.org/info/about/species.html`
[2026-02-14 19:29:46] [TRACE]   [OmnipathR] Preparing httr2 request to URL `https://www.ensembl.org/info/about/species.html`.
[2026-02-14 19:29:46] [TRACE]   [OmnipathR] HTTP headers: [User-Agent=Mozilla/5.0 (X11; Linux x86_64; rv:134.0) Gecko/20100101 Firefox/134.0]
[2026-02-14 19:29:46] [TRACE]   [OmnipathR] Curl options: [connecttimeout=10,timeout=300,debugfunction=<function>,verbose=FALSE,tcp_keepalive=TRUE,tcp_keepintvl=10,tcp_keepidle=10,tcp_keepcnt=13,upkeep_interval_ms=30000,ssl_verifypeer=1,ssl_verifyhost=2]
[2026-02-14 19:29:46] [TRACE]   [OmnipathR] HTTP headers: [User-Agent=Mozilla/5.0 (X11; Linux x86_64; rv:134.0) Gecko/20100101 Firefox/134.0]
[2026-02-14 19:29:46] [TRACE]   [OmnipathR] Sending HTTP request.
[2026-02-14 19:29:46] [WARN]    [OmnipathR] Failed to download `https://www.ensembl.org/info/about/species.html` (attempt 1/3); error: unused arguments (req_prep, resend_count = n)
[2026-02-14 19:29:51] [TRACE]   [OmnipathR] Attempt 2/3: `https://www.ensembl.org/info/about/species.html`
[2026-02-14 19:29:51] [TRACE]   [OmnipathR] Preparing httr2 request to URL `https://www.ensembl.org/info/about/species.html`.
[2026-02-14 19:29:51] [TRACE]   [OmnipathR] HTTP headers: [User-Agent=Mozilla/5.0 (X11; Linux x86_64; rv:134.0) Gecko/20100101 Firefox/134.0]
[2026-02-14 19:29:51] [TRACE]   [OmnipathR] Curl options: [connecttimeout=10,timeout=300,debugfunction=<function>,verbose=FALSE,tcp_keepalive=TRUE,tcp_keepintvl=10,tcp_keepidle=10,tcp_keepcnt=13,upkeep_interval_ms=30000,ssl_verifypeer=1,ssl_verifyhost=2]
[2026-02-14 19:29:51] [TRACE]   [OmnipathR] HTTP headers: [User-Agent=Mozilla/5.0 (X11; Linux x86_64; rv:134.0) Gecko/20100101 Firefox/134.0]
[2026-02-14 19:29:51] [TRACE]   [OmnipathR] Sending HTTP request.
[2026-02-14 19:29:51] [WARN]    [OmnipathR] Failed to download `https://www.ensembl.org/info/about/species.html` (attempt 2/3); error: unused arguments (req_prep, resend_count = n)
[2026-02-14 19:29:56] [TRACE]   [OmnipathR] Attempt 3/3: `https://www.ensembl.org/info/about/species.html`
[2026-02-14 19:29:56] [TRACE]   [OmnipathR] Preparing httr2 request to URL `https://www.ensembl.org/info/about/species.html`.
[2026-02-14 19:29:56] [TRACE]   [OmnipathR] HTTP headers: [User-Agent=Mozilla/5.0 (X11; Linux x86_64; rv:134.0) Gecko/20100101 Firefox/134.0]
[2026-02-14 19:29:56] [TRACE]   [OmnipathR] Curl options: [connecttimeout=10,timeout=300,debugfunction=<function>,verbose=FALSE,tcp_keepalive=TRUE,tcp_keepintvl=10,tcp_keepidle=10,tcp_keepcnt=13,upkeep_interval_ms=30000,ssl_verifypeer=1,ssl_verifyhost=2]
[2026-02-14 19:29:56] [TRACE]   [OmnipathR] HTTP headers: [User-Agent=Mozilla/5.0 (X11; Linux x86_64; rv:134.0) Gecko/20100101 Firefox/134.0]
[2026-02-14 19:29:56] [TRACE]   [OmnipathR] Sending HTTP request.
[2026-02-14 19:29:56] [ERROR]   [OmnipathR] Failed to download `https://www.ensembl.org/info/about/species.html` (attempt 3/3); error: unused arguments (req_prep, resend_count = n)
[2026-02-14 19:29:56] [INFO]    [OmnipathR] Package `OmnipathR` packaged: 2025-07-17 16:12:03 UTC; eblanco
[2026-02-14 19:29:56] [INFO]    [OmnipathR] Package `OmnipathR` date/publication: NA
[2026-02-14 19:29:56] [INFO]    [OmnipathR] Package `OmnipathR` built: R 4.5.1; ; 2025-07-17 16:12:04 UTC; unix
[2026-02-14 19:29:56] [INFO]    [OmnipathR] Package `OmnipathR` version: 3.17.4
[2026-02-14 19:29:56] [INFO]    [OmnipathR] Package `OmnipathR` repository: NA
[2026-02-14 19:29:56] [INFO]    [OmnipathR] Session info: [version=R version 4.5.2 (2025-10-31); os=macOS Tahoe 26.1; system=aarch64, darwin20; ui=X11; language=(EN); collate=en_US.UTF-8; ctype=en_US.UTF-8; tz=Europe/Berlin; date=2026-02-14; pandoc=3.8.3 @ /opt/homebrew/bin/ (via rmarkdown); quarto=1.7.32 @ /Applications/RStudio.app/Contents/Resources/app/quarto/bin/quarto]
[2026-02-14 19:29:56] [INFO]    [OmnipathR] External libraries: [cairo=1.17.6; cairoFT=; pango=1.50.14; png=1.6.44; jpeg=9.5; tiff=LIBTIFF, Version 4.5.0; tcl=8.6.13; curl=8.7.1; zlib=1.2.12; bzlib=1.0.8, 13-Jul-2019; xz=5.6.3; deflate=1.23; PCRE=10.44 2024-06-07; ICU=76.1; TRE=TRE 0.8.0 R_fixes (BSD); iconv=Apple or GNU libiconv 1.11 /Library/Frameworks/R.framework/Versions/4.5-arm64/Resources/lib/libR.dylib; readline=5.2; BLAS=/System/Library/Frameworks/Accelerate.framework/Versions/A/Frameworks/vecLib.framework/Versions/A/libBLAS.dylib; lapack=/Library/Frameworks/R.framework/Versions/4.5-arm64/Resources/lib/libRlapack.dylib; lapack_version=3.12.1]
[2026-02-14 19:29:56] [INFO]    [OmnipathR] Loaded packages: abind 1.4-8(2024-09-12); backports 1.5.0(2024-05-23); BiocParallel 1.42.2(2025-09-11); bit 4.6.0(2025-03-06); bit64 4.6.0-1(2025-01-16); blob 1.2.4(2023-03-17); cachem 1.1.0(2024-05-16); cellranger 1.1.0(2016-07-27); checkmate 2.3.3(2025-08-18); cli 3.6.5(2025-04-23); cluster 2.1.8.1(2025-03-12); codetools 0.2-20(2024-03-31); cowplot 1.2.0(2025-07-07); crayon 1.5.3(2024-06-20); curl 7.0.0(2025-08-19); data.table 1.18.0(2025-12-24); DBI 1.2.3(2024-06-02); decoupleR 2.14.0(2025-04-15); deldir 2.0-4(2024-02-28); digest 0.6.39(2025-11-19); dotCall64 1.2(2024-10-04); dplyr 1.1.4(2023-11-17); evaluate 1.0.5(2025-08-27); farver 2.1.2(2024-05-13); fastDummies 1.7.5(2025-01-20); fastmap 1.2.0(2024-05-15); fitdistrplus 1.2-4(2025-07-03); fs 1.6.6(2025-04-12); future 1.68.0(2025-11-17); future.apply 1.20.1(2025-12-09); generics 0.1.4(2025-05-09); ggplot2 4.0.1(2025-11-14); ggrepel 0.9.6(2024-09-07); ggridges 0.5.7(2025-08-27); globals 0.18.0(2025-05-08); glue 1.8.0(2024-09-30); goftest 1.2-3(2021-10-07); gridExtra 2.3(2017-09-09); gtable 0.3.6(2024-10-25); hms 1.1.4(2025-10-17); htmltools 0.5.9(2025-12-04); htmlwidgets 1.6.4(2023-12-06); httpuv 1.6.16(2025-04-16); httr 1.4.7(2023-08-15); httr2 1.2.2(2025-12-08); ica 1.0-3(2022-07-08); igraph 2.2.1(2025-10-27); irlba 2.3.5.1(2022-10-03); jsonlite 2.0.0(2025-03-27); KernSmooth 2.23-26(2025-01-01); knitr 1.51(2025-12-20); later 1.4.4(2025-08-27); lattice 0.22-7(2025-04-02); lazyeval 0.2.2(2019-03-15); lifecycle 1.0.4(2023-11-07); listenv 0.10.0(2025-11-02); lmtest 0.9-40(2022-03-21); logger 0.4.1(2025-09-11); lubridate 1.9.4(2024-12-08); magrittr 2.0.4(2025-09-12); MASS 7.3-65(2025-02-28); Matrix 1.7-4(2025-08-28); matrixStats 1.5.0(2025-01-07); memoise 2.0.1(2021-11-26); mime 0.13(2025-03-17); miniUI 0.1.2(2025-04-17); nlme 3.1-168(2025-03-31); OmnipathR 3.17.4(2025-07-17); otel 0.2.0(2025-08-29); parallelly 1.46.0(2025-12-12); patchwork 1.3.2(2025-08-25); pbapply 1.7-4(2025-07-20); pillar 1.11.1(2025-09-17); pkgconfig 2.0.3(2019-09-22); plotly 4.11.0(2025-06-19); plyr 1.8.9(2023-10-02); png 0.1-8(2022-11-29); polyclip 1.10-7(2024-07-23); prettyunits 1.2.0(2023-09-24); progress 1.2.3(2023-12-06); progressr 0.18.0(2025-11-06); promises 1.5.0(2025-11-01); purrr 1.2.0(2025-11-04); R.methodsS3 1.8.2(2022-06-13); R.oo 1.27.1(2025-05-02); R.utils 2.13.0(2025-02-24); R6 2.6.1(2025-02-15); RANN 2.6.2(2024-08-25); rappdirs 0.3.3(2021-01-31); RColorBrewer 1.1-3(2022-04-03); Rcpp 1.1.0(2025-07-02); RcppAnnoy 0.0.22(2024-01-23); RcppHNSW 0.6.0(2024-02-04); readr 2.1.6(2025-11-14); readxl 1.4.5(2025-03-07); reshape2 1.4.5(2025-11-12); reticulate 1.44.1(2025-11-14); rlang 1.1.6(2025-04-11); rmarkdown 2.30(2025-09-28); ROCR 1.0-11(2020-05-02); RSpectra 0.16-2(2024-07-18); RSQLite 2.4.5(2025-11-30); rstudioapi 0.17.1(2024-10-22); Rtsne 0.17(2023-12-07); rvest 1.0.5(2025-08-29); S7 0.2.1(2025-11-14); scales 1.4.0(2025-04-24); scattermore 1.2(2023-06-12); SCpubr 3.0.1(2026-02-14); sctransform 0.4.2(2025-04-30); sessioninfo 1.2.3(2025-02-05); Seurat 5.4.0(2025-12-14); SeuratObject 5.3.0(2025-12-12); shiny 1.12.1(2025-12-09); sp 2.2-0(2025-02-01); spam 2.11-1(2025-01-20); spatstat.data 3.1-9(2025-10-18); spatstat.explore 3.6-0(2025-11-22); spatstat.geom 3.6-1(2025-11-20); spatstat.random 3.4-3(2025-11-21); spatstat.sparse 3.1-0(2024-06-21); spatstat.univar 3.1-5(2025-11-17); spatstat.utils 3.2-0(2025-09-20); stringi 1.8.7(2025-03-27); stringr 1.6.0(2025-11-04); survival 3.8-3(2024-12-17); tensor 1.5.1(2025-06-17); tibble 3.3.0(2025-06-08); tidyr 1.3.2(2025-12-19); tidyselect 1.2.1(2024-03-11); timechange 0.3.0(2024-01-18); tzdb 0.5.0(2025-03-15); uwot 0.2.4(2025-11-10); vctrs 0.6.5(2023-12-01); viridisLite 0.4.2(2023-05-02); withr 3.0.2(2024-10-28); xfun 0.55(2025-12-16); XML 3.99-0.20(2025-11-08); xml2 1.5.1(2025-12-01); xtable 1.8-4(2019-04-21); yaml 2.3.12(2025-12-10); zip 2.3.3(2025-05-13); zoo 1.8-15(2025-12-15)
[2026-02-14 19:29:56] [INFO]    [OmnipathR] CURL: version: 8.14.1; headers: 8.14.1; ssl_version: LibreSSL/3.3.6 (SecureTransport); libz_version: 1.2.12; libssh_version: NA; libidn_version: NA; host: aarch64-apple-darwin23.6.0; protocols: dict, file, ftp, ftps, gopher, gophers, http, https, imap, imaps, ldap, ldaps, mqtt, pop3, pop3s, rtsp, smb, smbs, smtp, smtps, telnet, tftp, ws, wss; ipv6: TRUE; http2: TRUE; idn: FALSE; url_parser: TRUE
[2026-02-14 19:29:56] [TRACE]   [OmnipathR] Processing args for OmniPath query
[2026-02-14 19:29:56] [TRACE]   [OmnipathR] Arguments for OmniPath query: [wide=TRUE,resources=PROGENy,query_type=annotations]
[2026-02-14 19:29:56] [INFO]    [OmnipathR] Loading database `Ensembl and OMA organism names`.
[2026-02-14 19:29:56] [INFO]    [OmnipathR] Looking up in cache `https://www.ensembl.org/info/about/species.html`: key=7332486db7400730697234bad76ca0c8e4d00799, no version available.
[2026-02-14 19:29:56] [TRACE]   [OmnipathR] Reading JSON from `/Users/eblanco/Library/Caches/OmnipathR/cache.json` (encoding: UTF-8).
[2026-02-14 19:29:56] [TRACE]   [OmnipathR] JSON validation successful: TRUE
[2026-02-14 19:29:56] [INFO]    [OmnipathR] Created new version for cache record 7332486db7400730697234bad76ca0c8e4d00799: version 12.
[2026-02-14 19:29:56] [TRACE]   [OmnipathR] Cache file path: /Users/eblanco/Library/Caches/OmnipathR/7332486db7400730697234bad76ca0c8e4d00799-12.html
[2026-02-14 19:29:56] [INFO]    [OmnipathR] Retrieving URL: `https://www.ensembl.org/info/about/species.html`
[2026-02-14 19:29:56] [TRACE]   [OmnipathR] Downloading by `httr2` in `download_base`.
[2026-02-14 19:29:56] [TRACE]   [OmnipathR] Attempt 1/3: `https://www.ensembl.org/info/about/species.html`
[2026-02-14 19:29:56] [TRACE]   [OmnipathR] Preparing httr2 request to URL `https://www.ensembl.org/info/about/species.html`.
[2026-02-14 19:29:56] [TRACE]   [OmnipathR] HTTP headers: [User-Agent=Mozilla/5.0 (X11; Linux x86_64; rv:134.0) Gecko/20100101 Firefox/134.0]
[2026-02-14 19:29:56] [TRACE]   [OmnipathR] Curl options: [connecttimeout=10,timeout=300,debugfunction=<function>,verbose=FALSE,tcp_keepalive=TRUE,tcp_keepintvl=10,tcp_keepidle=10,tcp_keepcnt=13,upkeep_interval_ms=30000,ssl_verifypeer=1,ssl_verifyhost=2]
[2026-02-14 19:29:56] [TRACE]   [OmnipathR] HTTP headers: [User-Agent=Mozilla/5.0 (X11; Linux x86_64; rv:134.0) Gecko/20100101 Firefox/134.0]
[2026-02-14 19:29:56] [TRACE]   [OmnipathR] Sending HTTP request.
[2026-02-14 19:29:56] [WARN]    [OmnipathR] Failed to download `https://www.ensembl.org/info/about/species.html` (attempt 1/3); error: unused arguments (req_prep, resend_count = n)
[2026-02-14 19:30:01] [TRACE]   [OmnipathR] Attempt 2/3: `https://www.ensembl.org/info/about/species.html`
[2026-02-14 19:30:01] [TRACE]   [OmnipathR] Preparing httr2 request to URL `https://www.ensembl.org/info/about/species.html`.
[2026-02-14 19:30:01] [TRACE]   [OmnipathR] HTTP headers: [User-Agent=Mozilla/5.0 (X11; Linux x86_64; rv:134.0) Gecko/20100101 Firefox/134.0]
[2026-02-14 19:30:01] [TRACE]   [OmnipathR] Curl options: [connecttimeout=10,timeout=300,debugfunction=<function>,verbose=FALSE,tcp_keepalive=TRUE,tcp_keepintvl=10,tcp_keepidle=10,tcp_keepcnt=13,upkeep_interval_ms=30000,ssl_verifypeer=1,ssl_verifyhost=2]
[2026-02-14 19:30:01] [TRACE]   [OmnipathR] HTTP headers: [User-Agent=Mozilla/5.0 (X11; Linux x86_64; rv:134.0) Gecko/20100101 Firefox/134.0]
[2026-02-14 19:30:01] [TRACE]   [OmnipathR] Sending HTTP request.
[2026-02-14 19:30:01] [WARN]    [OmnipathR] Failed to download `https://www.ensembl.org/info/about/species.html` (attempt 2/3); error: unused arguments (req_prep, resend_count = n)
[2026-02-14 19:30:06] [TRACE]   [OmnipathR] Attempt 3/3: `https://www.ensembl.org/info/about/species.html`
[2026-02-14 19:30:06] [TRACE]   [OmnipathR] Preparing httr2 request to URL `https://www.ensembl.org/info/about/species.html`.
[2026-02-14 19:30:06] [TRACE]   [OmnipathR] HTTP headers: [User-Agent=Mozilla/5.0 (X11; Linux x86_64; rv:134.0) Gecko/20100101 Firefox/134.0]
[2026-02-14 19:30:06] [TRACE]   [OmnipathR] Curl options: [connecttimeout=10,timeout=300,debugfunction=<function>,verbose=FALSE,tcp_keepalive=TRUE,tcp_keepintvl=10,tcp_keepidle=10,tcp_keepcnt=13,upkeep_interval_ms=30000,ssl_verifypeer=1,ssl_verifyhost=2]
[2026-02-14 19:30:06] [TRACE]   [OmnipathR] HTTP headers: [User-Agent=Mozilla/5.0 (X11; Linux x86_64; rv:134.0) Gecko/20100101 Firefox/134.0]
[2026-02-14 19:30:06] [TRACE]   [OmnipathR] Sending HTTP request.
[2026-02-14 19:30:06] [ERROR]   [OmnipathR] Failed to download `https://www.ensembl.org/info/about/species.html` (attempt 3/3); error: unused arguments (req_prep, resend_count = n)
[2026-02-14 19:30:06] [INFO]    [OmnipathR] Package `OmnipathR` packaged: 2025-07-17 16:12:03 UTC; eblanco
[2026-02-14 19:30:06] [INFO]    [OmnipathR] Package `OmnipathR` date/publication: NA
[2026-02-14 19:30:06] [INFO]    [OmnipathR] Package `OmnipathR` built: R 4.5.1; ; 2025-07-17 16:12:04 UTC; unix
[2026-02-14 19:30:06] [INFO]    [OmnipathR] Package `OmnipathR` version: 3.17.4
[2026-02-14 19:30:06] [INFO]    [OmnipathR] Package `OmnipathR` repository: NA
[2026-02-14 19:30:06] [INFO]    [OmnipathR] Session info: [version=R version 4.5.2 (2025-10-31); os=macOS Tahoe 26.1; system=aarch64, darwin20; ui=X11; language=(EN); collate=en_US.UTF-8; ctype=en_US.UTF-8; tz=Europe/Berlin; date=2026-02-14; pandoc=3.8.3 @ /opt/homebrew/bin/ (via rmarkdown); quarto=1.7.32 @ /Applications/RStudio.app/Contents/Resources/app/quarto/bin/quarto]
[2026-02-14 19:30:06] [INFO]    [OmnipathR] External libraries: [cairo=1.17.6; cairoFT=; pango=1.50.14; png=1.6.44; jpeg=9.5; tiff=LIBTIFF, Version 4.5.0; tcl=8.6.13; curl=8.7.1; zlib=1.2.12; bzlib=1.0.8, 13-Jul-2019; xz=5.6.3; deflate=1.23; PCRE=10.44 2024-06-07; ICU=76.1; TRE=TRE 0.8.0 R_fixes (BSD); iconv=Apple or GNU libiconv 1.11 /Library/Frameworks/R.framework/Versions/4.5-arm64/Resources/lib/libR.dylib; readline=5.2; BLAS=/System/Library/Frameworks/Accelerate.framework/Versions/A/Frameworks/vecLib.framework/Versions/A/libBLAS.dylib; lapack=/Library/Frameworks/R.framework/Versions/4.5-arm64/Resources/lib/libRlapack.dylib; lapack_version=3.12.1]
[2026-02-14 19:30:07] [INFO]    [OmnipathR] Loaded packages: abind 1.4-8(2024-09-12); backports 1.5.0(2024-05-23); BiocParallel 1.42.2(2025-09-11); bit 4.6.0(2025-03-06); bit64 4.6.0-1(2025-01-16); blob 1.2.4(2023-03-17); cachem 1.1.0(2024-05-16); cellranger 1.1.0(2016-07-27); checkmate 2.3.3(2025-08-18); cli 3.6.5(2025-04-23); cluster 2.1.8.1(2025-03-12); codetools 0.2-20(2024-03-31); cowplot 1.2.0(2025-07-07); crayon 1.5.3(2024-06-20); curl 7.0.0(2025-08-19); data.table 1.18.0(2025-12-24); DBI 1.2.3(2024-06-02); decoupleR 2.14.0(2025-04-15); deldir 2.0-4(2024-02-28); digest 0.6.39(2025-11-19); dotCall64 1.2(2024-10-04); dplyr 1.1.4(2023-11-17); evaluate 1.0.5(2025-08-27); farver 2.1.2(2024-05-13); fastDummies 1.7.5(2025-01-20); fastmap 1.2.0(2024-05-15); fitdistrplus 1.2-4(2025-07-03); fs 1.6.6(2025-04-12); future 1.68.0(2025-11-17); future.apply 1.20.1(2025-12-09); generics 0.1.4(2025-05-09); ggplot2 4.0.1(2025-11-14); ggrepel 0.9.6(2024-09-07); ggridges 0.5.7(2025-08-27); globals 0.18.0(2025-05-08); glue 1.8.0(2024-09-30); goftest 1.2-3(2021-10-07); gridExtra 2.3(2017-09-09); gtable 0.3.6(2024-10-25); hms 1.1.4(2025-10-17); htmltools 0.5.9(2025-12-04); htmlwidgets 1.6.4(2023-12-06); httpuv 1.6.16(2025-04-16); httr 1.4.7(2023-08-15); httr2 1.2.2(2025-12-08); ica 1.0-3(2022-07-08); igraph 2.2.1(2025-10-27); irlba 2.3.5.1(2022-10-03); jsonlite 2.0.0(2025-03-27); KernSmooth 2.23-26(2025-01-01); knitr 1.51(2025-12-20); later 1.4.4(2025-08-27); lattice 0.22-7(2025-04-02); lazyeval 0.2.2(2019-03-15); lifecycle 1.0.4(2023-11-07); listenv 0.10.0(2025-11-02); lmtest 0.9-40(2022-03-21); logger 0.4.1(2025-09-11); lubridate 1.9.4(2024-12-08); magrittr 2.0.4(2025-09-12); MASS 7.3-65(2025-02-28); Matrix 1.7-4(2025-08-28); matrixStats 1.5.0(2025-01-07); memoise 2.0.1(2021-11-26); mime 0.13(2025-03-17); miniUI 0.1.2(2025-04-17); nlme 3.1-168(2025-03-31); OmnipathR 3.17.4(2025-07-17); otel 0.2.0(2025-08-29); parallelly 1.46.0(2025-12-12); patchwork 1.3.2(2025-08-25); pbapply 1.7-4(2025-07-20); pillar 1.11.1(2025-09-17); pkgconfig 2.0.3(2019-09-22); plotly 4.11.0(2025-06-19); plyr 1.8.9(2023-10-02); png 0.1-8(2022-11-29); polyclip 1.10-7(2024-07-23); prettyunits 1.2.0(2023-09-24); progress 1.2.3(2023-12-06); progressr 0.18.0(2025-11-06); promises 1.5.0(2025-11-01); purrr 1.2.0(2025-11-04); R.methodsS3 1.8.2(2022-06-13); R.oo 1.27.1(2025-05-02); R.utils 2.13.0(2025-02-24); R6 2.6.1(2025-02-15); RANN 2.6.2(2024-08-25); rappdirs 0.3.3(2021-01-31); RColorBrewer 1.1-3(2022-04-03); Rcpp 1.1.0(2025-07-02); RcppAnnoy 0.0.22(2024-01-23); RcppHNSW 0.6.0(2024-02-04); readr 2.1.6(2025-11-14); readxl 1.4.5(2025-03-07); reshape2 1.4.5(2025-11-12); reticulate 1.44.1(2025-11-14); rlang 1.1.6(2025-04-11); rmarkdown 2.30(2025-09-28); ROCR 1.0-11(2020-05-02); RSpectra 0.16-2(2024-07-18); RSQLite 2.4.5(2025-11-30); rstudioapi 0.17.1(2024-10-22); Rtsne 0.17(2023-12-07); rvest 1.0.5(2025-08-29); S7 0.2.1(2025-11-14); scales 1.4.0(2025-04-24); scattermore 1.2(2023-06-12); SCpubr 3.0.1(2026-02-14); sctransform 0.4.2(2025-04-30); sessioninfo 1.2.3(2025-02-05); Seurat 5.4.0(2025-12-14); SeuratObject 5.3.0(2025-12-12); shiny 1.12.1(2025-12-09); sp 2.2-0(2025-02-01); spam 2.11-1(2025-01-20); spatstat.data 3.1-9(2025-10-18); spatstat.explore 3.6-0(2025-11-22); spatstat.geom 3.6-1(2025-11-20); spatstat.random 3.4-3(2025-11-21); spatstat.sparse 3.1-0(2024-06-21); spatstat.univar 3.1-5(2025-11-17); spatstat.utils 3.2-0(2025-09-20); stringi 1.8.7(2025-03-27); stringr 1.6.0(2025-11-04); survival 3.8-3(2024-12-17); tensor 1.5.1(2025-06-17); tibble 3.3.0(2025-06-08); tidyr 1.3.2(2025-12-19); tidyselect 1.2.1(2024-03-11); timechange 0.3.0(2024-01-18); tzdb 0.5.0(2025-03-15); uwot 0.2.4(2025-11-10); vctrs 0.6.5(2023-12-01); viridisLite 0.4.2(2023-05-02); withr 3.0.2(2024-10-28); xfun 0.55(2025-12-16); XML 3.99-0.20(2025-11-08); xml2 1.5.1(2025-12-01); xtable 1.8-4(2019-04-21); yaml 2.3.12(2025-12-10); zip 2.3.3(2025-05-13); zoo 1.8-15(2025-12-15)
[2026-02-14 19:30:07] [INFO]    [OmnipathR] CURL: version: 8.14.1; headers: 8.14.1; ssl_version: LibreSSL/3.3.6 (SecureTransport); libz_version: 1.2.12; libssh_version: NA; libidn_version: NA; host: aarch64-apple-darwin23.6.0; protocols: dict, file, ftp, ftps, gopher, gophers, http, https, imap, imaps, ldap, ldaps, mqtt, pop3, pop3s, rtsp, smb, smbs, smtp, smtps, telnet, tftp, ws, wss; ipv6: TRUE; http2: TRUE; idn: FALSE; url_parser: TRUE
[2026-02-14 19:30:07] [WARN]    [OmnipathR] Accessing `PROGENy` as a static table: this is not the recommended way to access OmniPath data; it is only a backup plan for situations when our server or your computer is experiencing issues.
[2026-02-14 19:30:07] [TRACE]   [OmnipathR] Looking up in cache: `http://no-tls.static.omnipathdb.org/resources/annotations_PROGENy_9606.tsv.gz`
[2026-02-14 19:30:07] [TRACE]   [OmnipathR] Loaded data from RDS `/Users/eblanco/Library/Caches/OmnipathR/103f85125e0134e3d65e4e63d22c339270d103e8-1.rds`.
[2026-02-14 19:30:07] [INFO]    [OmnipathR] Loaded from cache: `http://no-tls.static.omnipathdb.org/resources/annotations_PROGENy_9606.tsv.gz`
[2026-02-14 19:30:07] [SUCCESS] [OmnipathR] Loaded 700239 annotation records from cache.
